../Core/Src/main.c:94:5:main	8	static
../Core/Src/main.c:156:6:SystemClock_Config	88	static
../Core/Src/main.c:211:13:MX_TIM1_Init	56	static
../Core/Src/main.c:261:13:MX_TIM2_Init	56	static
../Core/Src/main.c:310:13:MX_TIM3_Init	56	static
../Core/Src/main.c:359:13:MX_TIM4_Init	56	static
../Core/Src/main.c:408:13:MX_TIM5_Init	56	static
../Core/Src/main.c:457:13:MX_TIM8_Init	80	static
../Core/Src/main.c:534:13:MX_TIM9_Init	40	static
../Core/Src/main.c:580:13:MX_TIM10_Init	40	static
../Core/Src/main.c:626:13:MX_TIM11_Init	40	static
../Core/Src/main.c:672:13:MX_TIM12_Init	40	static
../Core/Src/main.c:718:13:MX_USART1_UART_Init	8	static
../Core/Src/main.c:751:13:MX_USART2_UART_Init	8	static
../Core/Src/main.c:782:13:MX_DMA_Init	16	static
../Core/Src/main.c:800:13:MX_GPIO_Init	32	static
../Core/Src/main.c:827:6:Error_Handler	4	static,ignoring_inline_asm
